================================================================================
BACKEND API TESTING SUITE - BIBLE STUDY APPLICATION
REVIEW REQUEST TESTING
================================================================================
Testing backend at: https://bible-study-ai-3.preview.emergentagent.com
Timeout: 120 seconds

FOCUS AREAS:
- API endpoints respond correctly
- Character length controls work (500, 1500, 2500)
- Gemini enrichment is working and producing theological content
- Content quality and completeness
- Performance (should complete within reasonable time)

1. HEALTH CHECK
----------------------------------------
[2025-09-28 18:34:08] ✅ GET /api/health - Health Check
    Details: Status: ok, Gemini: True, Bible ID: a93a92589195411f-01


2. VERSE BY VERSE GENERATION - BASIC
----------------------------------------
[2025-09-28 18:34:24] ✅ POST /api/generate-verse-by-verse - Basic (Genèse 1, 500 tokens, Gemini)
    Details: Content: 5102 chars, Verses: 5, Explanations: 6, Theological terms: 8


3. CHARACTER LENGTH CONTROLS
----------------------------------------
[2025-09-28 18:34:39] ❌ Length Control Test - 500 tokens
    Details: Content length: 5016 chars (expected: 300-800)

[2025-09-28 18:35:07] ❌ Length Control Test - 1500 tokens
    Details: Content length: 12004 chars (expected: 800-2000)

[2025-09-28 18:36:10] ❌ Length Control Test - 2500 tokens
    Details: Content length: 28667 chars (expected: 1500-3500)

[2025-09-28 18:36:10] ❌ Character Length Controls (500, 1500, 2500)
    Details: Successful length controls: 0/3


4. SINGLE VERSE GENERATION
----------------------------------------
[2025-09-28 18:36:12] ❌ POST /api/generate-verse-by-verse - Single Verse (Genèse 1:1)
    Details: Expected exactly 1 theological explanation, found 2


5. THEOLOGICAL STUDY GENERATION
----------------------------------------
[2025-09-28 18:36:34] ❌ POST /api/generate-study - Theological Studies (Jean 3:16)
    Details: Expected multiple theological sections, found 0


6. GEMINI ENRICHMENT FUNCTIONALITY
----------------------------------------
[2025-09-28 18:36:41] ❌ Gemini Enrichment Functionality
    Details: Gemini content not longer than basic content (2117 vs 2277 chars)


7. ERROR HANDLING
----------------------------------------
[2025-09-28 18:36:41] ❌ Error Handling - Empty passage
    Details: Status: 200 (expected: [400])

[2025-09-28 18:36:41] ❌ Error Handling - Invalid passage format
    Details: Status: 200 (expected: [400])

[2025-09-28 18:36:43] ✅ Error Handling - Negative tokens
    Details: Status: 200 (expected: [200, 400])

[2025-09-28 18:36:43] ❌ Error Handling with Invalid Parameters
    Details: Successful error handling tests: 1/3


8. PERFORMANCE TEST
----------------------------------------
[2025-09-28 18:36:45] ✅ API Performance Test
    Details: Completed in 2.10 seconds with 1105 chars content


================================================================================
TEST RESULTS SUMMARY - BIBLE STUDY API
================================================================================
✅ PASS - GET /api/health - Health Check
✅ PASS - POST /api/generate-verse-by-verse - Basic (Genèse 1, 500 tokens, Gemini)
❌ FAIL - Character Length Controls (500, 1500, 2500)
❌ FAIL - POST /api/generate-verse-by-verse - Single Verse (Genèse 1:1)
❌ FAIL - POST /api/generate-study - Theological Studies (Jean 3:16)
❌ FAIL - Gemini Enrichment Functionality
❌ FAIL - Error Handling with Invalid Parameters
✅ PASS - API Performance Test

OVERALL RESULT: 3/8 tests passed

❌ CRITICAL TESTS FAILED
❌ Major issues with the Bible Study API
❌ Critical tests passed: 2/4
